Archive member included to satisfy reference by file (symbol)

c:/program files (x86)/atmel/studio/7.0/toolchain/avr8/avr8-gnu-toolchain/bin/../lib/gcc/avr/4.9.2/avrxmega7\libgcc.a(_udivmodhi4.o)
                              src/ASF/xmega/drivers/usb/usb_device.o (__udivmodhi4)
c:/program files (x86)/atmel/studio/7.0/toolchain/avr8/avr8-gnu-toolchain/bin/../lib/gcc/avr/4.9.2/avrxmega7\libgcc.a(_exit.o)
                              C:/Program Files (x86)/Atmel/Studio/7.0/Packs/atmel/XMEGAA_DFP/1.1.63/gcc/dev/atxmega128a4u/avrxmega7/crtatxmega128a4u.o (exit)
c:/program files (x86)/atmel/studio/7.0/toolchain/avr8/avr8-gnu-toolchain/bin/../lib/gcc/avr/4.9.2/avrxmega7\libgcc.a(_tablejump2.o)
                              src/ASF/xmega/drivers/usb/usb_device.o (__tablejump2__)
c:/program files (x86)/atmel/studio/7.0/toolchain/avr8/avr8-gnu-toolchain/bin/../lib/gcc/avr/4.9.2/avrxmega7\libgcc.a(_copy_data.o)
                              main.o (__do_copy_data)
c:/program files (x86)/atmel/studio/7.0/toolchain/avr8/avr8-gnu-toolchain/bin/../lib/gcc/avr/4.9.2/avrxmega7\libgcc.a(_clear_bss.o)
                              main.o (__do_clear_bss)
c:/program files (x86)/atmel/studio/7.0/toolchain/avr8/avr8-gnu-toolchain/bin/../lib/gcc/avr/4.9.2/../../../../avr/lib/avrxmega7\libc.a(memcpy.o)
                              src/ASF/common/services/usb/class/cdc/device/udi_cdc.o (memcpy)
c:/program files (x86)/atmel/studio/7.0/toolchain/avr8/avr8-gnu-toolchain/bin/../lib/gcc/avr/4.9.2/../../../../avr/lib/avrxmega7\libc.a(iob.o)
                              main.o (__iob)
c:/program files (x86)/atmel/studio/7.0/toolchain/avr8/avr8-gnu-toolchain/bin/../lib/gcc/avr/4.9.2/../../../../avr/lib/avrxmega7\libc.a(printf.o)
                              main.o (printf)
c:/program files (x86)/atmel/studio/7.0/toolchain/avr8/avr8-gnu-toolchain/bin/../lib/gcc/avr/4.9.2/../../../../avr/lib/avrxmega7\libc.a(putchar.o)
                              main.o (putchar)
c:/program files (x86)/atmel/studio/7.0/toolchain/avr8/avr8-gnu-toolchain/bin/../lib/gcc/avr/4.9.2/../../../../avr/lib/avrxmega7\libc.a(puts.o)
                              main.o (puts)
c:/program files (x86)/atmel/studio/7.0/toolchain/avr8/avr8-gnu-toolchain/bin/../lib/gcc/avr/4.9.2/../../../../avr/lib/avrxmega7\libc.a(vfprintf_std.o)
                              c:/program files (x86)/atmel/studio/7.0/toolchain/avr8/avr8-gnu-toolchain/bin/../lib/gcc/avr/4.9.2/../../../../avr/lib/avrxmega7\libc.a(printf.o) (vfprintf)
c:/program files (x86)/atmel/studio/7.0/toolchain/avr8/avr8-gnu-toolchain/bin/../lib/gcc/avr/4.9.2/../../../../avr/lib/avrxmega7\libc.a(strnlen_P.o)
                              c:/program files (x86)/atmel/studio/7.0/toolchain/avr8/avr8-gnu-toolchain/bin/../lib/gcc/avr/4.9.2/../../../../avr/lib/avrxmega7\libc.a(vfprintf_std.o) (strnlen_P)
c:/program files (x86)/atmel/studio/7.0/toolchain/avr8/avr8-gnu-toolchain/bin/../lib/gcc/avr/4.9.2/../../../../avr/lib/avrxmega7\libc.a(strnlen.o)
                              c:/program files (x86)/atmel/studio/7.0/toolchain/avr8/avr8-gnu-toolchain/bin/../lib/gcc/avr/4.9.2/../../../../avr/lib/avrxmega7\libc.a(vfprintf_std.o) (strnlen)
c:/program files (x86)/atmel/studio/7.0/toolchain/avr8/avr8-gnu-toolchain/bin/../lib/gcc/avr/4.9.2/../../../../avr/lib/avrxmega7\libc.a(fputc.o)
                              c:/program files (x86)/atmel/studio/7.0/toolchain/avr8/avr8-gnu-toolchain/bin/../lib/gcc/avr/4.9.2/../../../../avr/lib/avrxmega7\libc.a(putchar.o) (fputc)
c:/program files (x86)/atmel/studio/7.0/toolchain/avr8/avr8-gnu-toolchain/bin/../lib/gcc/avr/4.9.2/../../../../avr/lib/avrxmega7\libc.a(ultoa_invert.o)
                              c:/program files (x86)/atmel/studio/7.0/toolchain/avr8/avr8-gnu-toolchain/bin/../lib/gcc/avr/4.9.2/../../../../avr/lib/avrxmega7\libc.a(vfprintf_std.o) (__ultoa_invert)

Allocating common symbols
Common symbol       size              file

udd_g_ctrlreq       0x10              src/ASF/xmega/drivers/usb/usb_device.o
sleepmgr_locks      0x6               src/ASF/common/services/sleepmgr/xmega/sleepmgr.o
__iob               0x6               c:/program files (x86)/atmel/studio/7.0/toolchain/avr8/avr8-gnu-toolchain/bin/../lib/gcc/avr/4.9.2/../../../../avr/lib/avrxmega7\libc.a(iob.o)

Discarded input sections

 .data          0x00000000        0x0 C:/Program Files (x86)/Atmel/Studio/7.0/Packs/atmel/XMEGAA_DFP/1.1.63/gcc/dev/atxmega128a4u/avrxmega7/crtatxmega128a4u.o
 .bss           0x00000000        0x0 C:/Program Files (x86)/Atmel/Studio/7.0/Packs/atmel/XMEGAA_DFP/1.1.63/gcc/dev/atxmega128a4u/avrxmega7/crtatxmega128a4u.o
 .group         0x00000000        0x8 main.o
 .group         0x00000000        0x8 main.o
 .group         0x00000000        0x8 main.o
 .group         0x00000000        0x8 main.o
 .group         0x00000000        0x8 main.o
 .group         0x00000000        0x8 main.o
 .group         0x00000000        0x8 main.o
 .group         0x00000000        0x8 main.o
[...]
Memory Configuration

Name             Origin             Length             Attributes
text             0x00000000         0x00100000         xr
data             0x00802000         0x0000ffa0         rw !x
eeprom           0x00810000         0x00010000         rw !x
fuse             0x00820000         0x00000006         rw !x
lock             0x00830000         0x00000400         rw !x
signature        0x00840000         0x00000400         rw !x
user_signatures  0x00850000         0x00000400         rw !x
*default*        0x00000000         0xffffffff

Linker script and memory map

LOAD C:/Program Files (x86)/Atmel/Studio/7.0/Packs/atmel/XMEGAA_DFP/1.1.63/gcc/dev/atxmega128a4u/avrxmega7/crtatxmega128a4u.o
LOAD main.o
LOAD src/ASF/common/services/usb/class/cdc/device/udi_cdc.o
LOAD src/ASF/common/services/usb/udc/udc.o
LOAD src/ASF/xmega/drivers/usb/usb_device.o
LOAD src/ASF/common/services/usb/class/cdc/device/udi_cdc_desc.o
LOAD src/ASF/common/services/sleepmgr/xmega/sleepmgr.o
LOAD src/ASF/common/services/clock/xmega/sysclk.o
LOAD src/ASF/xmega/drivers/nvm/nvm.o
LOAD src/ASF/xmega/drivers/nvm/nvm_asm.o
LOAD src/ASF/xmega/drivers/cpu/ccp.o
LOAD src/ASF/common/boards/user_board/init.o
START GROUP
LOAD c:/program files (x86)/atmel/studio/7.0/toolchain/avr8/avr8-gnu-toolchain/bin/../lib/gcc/avr/4.9.2/../../../../avr/lib/avrxmega7\libm.a
END GROUP
Address of section .BOOT set to 0x20000
START GROUP
LOAD c:/program files (x86)/atmel/studio/7.0/toolchain/avr8/avr8-gnu-toolchain/bin/../lib/gcc/avr/4.9.2/avrxmega7\libgcc.a
LOAD c:/program files (x86)/atmel/studio/7.0/toolchain/avr8/avr8-gnu-toolchain/bin/../lib/gcc/avr/4.9.2/../../../../avr/lib/avrxmega7\libm.a
LOAD c:/program files (x86)/atmel/studio/7.0/toolchain/avr8/avr8-gnu-toolchain/bin/../lib/gcc/avr/4.9.2/../../../../avr/lib/avrxmega7\libc.a
LOAD C:/Program Files (x86)/Atmel/Studio/7.0/Packs/atmel/XMEGAA_DFP/1.1.63/gcc/dev/atxmega128a4u/avrxmega7\libatxmega128a4u.a
END GROUP
                0x00100000                __TEXT_REGION_LENGTH__ = DEFINED (__TEXT_REGION_LENGTH__)?__TEXT_REGION_LENGTH__:0x100000
                0x0000ffa0                __DATA_REGION_LENGTH__ = DEFINED (__DATA_REGION_LENGTH__)?__DATA_REGION_LENGTH__:0xffa0
                0x00010000                __EEPROM_REGION_LENGTH__ = DEFINED (__EEPROM_REGION_LENGTH__)?__EEPROM_REGION_LENGTH__:0x10000
                [0x00000006]                __FUSE_REGION_LENGTH__ = DEFINED (__FUSE_REGION_LENGTH__)?__FUSE_REGION_LENGTH__:0x400
                0x00000400                __LOCK_REGION_LENGTH__ = DEFINED (__LOCK_REGION_LENGTH__)?__LOCK_REGION_LENGTH__:0x400
                0x00000400                __SIGNATURE_REGION_LENGTH__ = DEFINED (__SIGNATURE_REGION_LENGTH__)?__SIGNATURE_REGION_LENGTH__:0x400
                0x00000400                __USER_SIGNATURE_REGION_LENGTH__ = DEFINED (__USER_SIGNATURE_REGION_LENGTH__)?__USER_SIGNATURE_REGION_LENGTH__:0x400

.hash
 *(.hash)

.dynsym
 *(.dynsym)

.dynstr
 *(.dynstr)

.gnu.version
 *(.gnu.version)

.gnu.version_d
 *(.gnu.version_d)

.gnu.version_r
 *(.gnu.version_r)

.rel.init
 *(.rel.init)

.rela.init
 *(.rela.init)

.rel.text
 *(.rel.text)
 *(.rel.text.*)
 *(.rel.gnu.linkonce.t*)

.rela.text
 *(.rela.text)
 *(.rela.text.*)
 *(.rela.gnu.linkonce.t*)

.rel.fini
 *(.rel.fini)

.rela.fini
 *(.rela.fini)

.rel.rodata
 *(.rel.rodata)
 *(.rel.rodata.*)
 *(.rel.gnu.linkonce.r*)

.rela.rodata
 *(.rela.rodata)
 *(.rela.rodata.*)
 *(.rela.gnu.linkonce.r*)

.rel.data
 *(.rel.data)
 *(.rel.data.*)
 *(.rel.gnu.linkonce.d*)

.rela.data
 *(.rela.data)
 *(.rela.data.*)
 *(.rela.gnu.linkonce.d*)

.rel.ctors
 *(.rel.ctors)

.rela.ctors
 *(.rela.ctors)

.rel.dtors
 *(.rel.dtors)

.rela.dtors
 *(.rela.dtors)

.rel.got
 *(.rel.got)

.rela.got
 *(.rela.got)

.rel.bss
 *(.rel.bss)

.rela.bss
 *(.rela.bss)

.rel.plt
 *(.rel.plt)

.rela.plt
 *(.rela.plt)

.text           0x00000000     0x29f0
 *(.vectors)
 .vectors       0x00000000      0x1fc C:/Program Files (x86)/Atmel/Studio/7.0/Packs/atmel/XMEGAA_DFP/1.1.63/gcc/dev/atxmega128a4u/avrxmega7/crtatxmega128a4u.o
                0x00000000                __vector_default
                0x00000000                __vectors
 *(.vectors)
 *(.progmem.gcc*)
 .progmem.gcc_sw_table.udd_ep_get_size
                0x000001fc        0xe src/ASF/xmega/drivers/usb/usb_device.o
                0x0000020a                . = ALIGN (0x2)
                0x0000020a                __trampolines_start = .
 *(.trampolines)
 .trampolines   0x0000020a        0x0 linker stubs
 *(.trampolines*)
                0x0000020a                __trampolines_end = .
 *libprintf_flt.a:*(.progmem.data)
 *libc.a:*(.progmem.data)
 *(.progmem*)
                0x0000020a                . = ALIGN (0x2)
 *(.jumptables)
 *(.jumptables*)
 *(.lowtext)
 *(.lowtext*)
                0x0000020a                __ctors_start = .
 *(.ctors)
                0x0000020a                __ctors_end = .
                0x0000020a                __dtors_start = .
 *(.dtors)
                0x0000020a                __dtors_end = .
 SORT(*)(.ctors)
 SORT(*)(.dtors)
 *(.init0)
 .init0         0x0000020a        0x0 C:/Program Files (x86)/Atmel/Studio/7.0/Packs/atmel/XMEGAA_DFP/1.1.63/gcc/dev/atxmega128a4u/avrxmega7/crtatxmega128a4u.o
                0x0000020a                __init
 *(.init0)
 *(.init1)
 *(.init1)
 *(.init2)
 .init2         0x0000020a       0x18 C:/Program Files (x86)/Atmel/Studio/7.0/Packs/atmel/XMEGAA_DFP/1.1.63/gcc/dev/atxmega128a4u/avrxmega7/crtatxmega128a4u.o
 *(.init2)
 *(.init3)
 *(.init3)
 *(.init4)
 .init4         0x00000222       0x1c c:/program files (x86)/atmel/studio/7.0/toolchain/avr8/avr8-gnu-toolchain/bin/../lib/gcc/avr/4.9.2/avrxmega7\libgcc.a(_copy_data.o)
                0x00000222                __do_copy_data
 .init4         0x0000023e       0x10 c:/program files (x86)/atmel/studio/7.0/toolchain/avr8/avr8-gnu-toolchain/bin/../lib/gcc/avr/4.9.2/avrxmega7\libgcc.a(_clear_bss.o)
                0x0000023e                __do_clear_bss
 *(.init4)
 *(.init5)
 *(.init5)
 *(.init6)
 *(.init6)
 *(.init7)
 *(.init7)
 *(.init8)
 *(.init8)
 *(.init9)
 .init9         0x0000024e        0x6 C:/Program Files (x86)/Atmel/Studio/7.0/Packs/atmel/XMEGAA_DFP/1.1.63/gcc/dev/atxmega128a4u/avrxmega7/crtatxmega128a4u.o
 *(.init9)
 *(.text)
 .text          0x00000254        0x2 C:/Program Files (x86)/Atmel/Studio/7.0/Packs/atmel/XMEGAA_DFP/1.1.63/gcc/dev/atxmega128a4u/avrxmega7/crtatxmega128a4u.o
                0x00000254                __vector_38
                0x00000254                __vector_104
                0x00000254                __vector_22
                0x00000254                __vector_63
                0x00000254                __vector_28
                0x00000254                __vector_67
                0x00000254                __vector_1
                0x00000254                __vector_119
                0x00000254                __vector_32
                0x00000254                __vector_75
                0x00000254                __vector_71
                0x00000254                __vector_91
                0x00000254                __vector_34
                0x00000254                __vector_62
                0x00000254                __vector_77
                0x00000254                __vector_102
                0x00000254                __vector_24
                0x00000254                __vector_12
                0x00000254                __vector_55
                0x00000254                __vector_69
                0x00000254                __vector_81
                0x00000254                __vector_90
                0x00000254                __vector_46
                0x00000254                __bad_interrupt
                0x00000254                __vector_122
                0x00000254                __vector_72
                0x00000254                __vector_114
                0x00000254                __vector_6
                0x00000254                __vector_110
                0x00000254                __vector_31
                0x00000254                __vector_92
                0x00000254                __vector_35
                0x00000254                __vector_78
                0x00000254                __vector_74
                0x00000254                __vector_117
                0x00000254                __vector_39
                0x00000254                __vector_107
                0x00000254                __vector_3
                0x00000254                __vector_105
                0x00000254                __vector_98
                0x00000254                __vector_23
                0x00000254                __vector_68
                0x00000254                __vector_30
                0x00000254                __vector_73
                0x00000254                __vector_45
                0x00000254                __vector_25
                0x00000254                __vector_93
                0x00000254                __vector_61
                0x00000254                __vector_11
                0x00000254                __vector_54
                0x00000254                __vector_99
                0x00000254                __vector_13
                0x00000254                __vector_17
                0x00000254                __vector_19
                0x00000254                __vector_56
                0x00000254                __vector_7
                0x00000254                __vector_49
                0x00000254                __vector_123
                0x00000254                __vector_41
                0x00000254                __vector_86
                0x00000254                __vector_100
                0x00000254                __vector_101
                0x00000254                __vector_64
                0x00000254                __vector_88
                0x00000254                __vector_109
                0x00000254                __vector_43
                0x00000254                __vector_27
                0x00000254                __vector_5
                0x00000254                __vector_113
                0x00000254                __vector_33
                0x00000254                __vector_76
                0x00000254                __vector_115
                0x00000254                __vector_47
                0x00000254                __vector_52
                0x00000254                __vector_37
                0x00000254                __vector_95
                0x00000254                __vector_103
                0x00000254                __vector_96
                0x00000254                __vector_89
                0x00000254                __vector_108
                0x00000254                __vector_4
                0x00000254                __vector_44
                0x00000254                __vector_82
                0x00000254                __vector_106
                0x00000254                __vector_118
                0x00000254                __vector_51
                0x00000254                __vector_9
                0x00000254                __vector_2
                0x00000254                __vector_21
                0x00000254                __vector_15
                0x00000254                __vector_66
                0x00000254                __vector_36
                0x00000254                __vector_79
                0x00000254                __vector_58
                0x00000254                __vector_70
                0x00000254                __vector_83
                0x00000254                __vector_29
                0x00000254                __vector_60
                0x00000254                __vector_121
                0x00000254                __vector_40
                0x00000254                __vector_85
                0x00000254                __vector_94
                0x00000254                __vector_8
                0x00000254                __vector_26
                0x00000254                __vector_48
                0x00000254                __vector_124
                0x00000254                __vector_116
                0x00000254                __vector_112
                0x00000254                __vector_111
                0x00000254                __vector_80
                0x00000254                __vector_14
                0x00000254                __vector_84
                0x00000254                __vector_57
                0x00000254                __vector_53
                0x00000254                __vector_10
                0x00000254                __vector_50
                0x00000254                __vector_16
                0x00000254                __vector_59
                0x00000254                __vector_18
                0x00000254                __vector_97
                0x00000254                __vector_20
                0x00000254                __vector_42
                0x00000254                __vector_87
                0x00000254                __vector_65
                0x00000254                __vector_120
                0x00000256                . = ALIGN (0x2)
 *(.text.*)
 .text.uart_putchar
                0x00000256        0x6 main.o
                0x00000256                uart_putchar
 .text.initSPI  0x0000025c       0x1c main.o
                0x0000025c                initSPI
 .text.sendSPI  0x00000278       0x14 main.o
                0x00000278                sendSPI
 .text.sendDummy
                0x0000028c        0x6 main.o
                0x0000028c                sendDummy
 .text.memSendAddress
                0x00000292       0x18 main.o
                0x00000292                memSendAddress
 .text.getMemStatus
                0x000002aa       0x20 main.o
                0x000002aa                getMemStatus
 .text.memEnableWrite
                0x000002ca       0x24 main.o
                0x000002ca                memEnableWrite
 .text.memEraseSector
                0x000002ee       0x40 main.o
                0x000002ee                memEraseSector
 .text.memRead256ToStdOut
                0x0000032e       0xea main.o
                0x0000032e                memRead256ToStdOut
 .text.memWriteString
                0x00000418       0x52 main.o
                0x00000418                memWriteString
 .text.TESTWriteMem
                0x0000046a       0x84 main.o
                0x0000046a                TESTWriteMem
 .text.my_callback_cdc_enable
                0x000004ee        0x4 main.o
                0x000004ee                my_callback_cdc_enable
 .text.my_callback_cdc_disable
                0x000004f2        0x2 main.o
                0x000004f2                my_callback_cdc_disable
 .text.my_callback_rx_notify
                0x000004f4       0x1c main.o
                0x000004f4                my_callback_rx_notify
 .text.my_callback_tx_empty_notify
                0x00000510        0x2 main.o
                0x00000510                my_callback_tx_empty_notify
 .text.main     0x00000512       0x34 main.o
                0x00000512                main
 .text.udi_cdc_comm_disable
                0x00000546        0xc src/ASF/common/services/usb/class/cdc/device/udi_cdc.o
                0x00000546                udi_cdc_comm_disable
 .text.udi_cdc_data_setup
                0x00000552        0x4 src/ASF/common/services/usb/class/cdc/device/udi_cdc.o
                0x00000552                udi_cdc_data_setup
 .text.udi_cdc_getsetting
                0x00000556        0x4 src/ASF/common/services/usb/class/cdc/device/udi_cdc.o
                0x00000556                udi_cdc_getsetting
 .text.udi_cdc_comm_setup
                0x0000055a       0x94 src/ASF/common/services/usb/class/cdc/device/udi_cdc.o
                0x0000055a                udi_cdc_comm_setup
 .text.udi_cdc_line_coding_received
                0x000005ee        0x2 src/ASF/common/services/usb/class/cdc/device/udi_cdc.o
 .text.udi_cdc_comm_enable
                0x000005f0       0x5a src/ASF/common/services/usb/class/cdc/device/udi_cdc.o
                0x000005f0                udi_cdc_comm_enable
 .text.udi_cdc_tx_send
                0x0000064a      0x162 src/ASF/common/services/usb/class/cdc/device/udi_cdc.o
 .text.udi_cdc_data_sof_notify
                0x000007ac        0x6 src/ASF/common/services/usb/class/cdc/device/udi_cdc.o
                0x000007ac                udi_cdc_data_sof_notify
 .text.udi_cdc_data_sent
                0x000007b2       0x38 src/ASF/common/services/usb/class/cdc/device/udi_cdc.o
 .text.udi_cdc_data_disable
                0x000007ea       0x16 src/ASF/common/services/usb/class/cdc/device/udi_cdc.o
                0x000007ea                udi_cdc_data_disable
 .text.udi_cdc_multi_get_nb_received_data
                0x00000800       0x3a src/ASF/common/services/usb/class/cdc/device/udi_cdc.o
                0x00000800                udi_cdc_multi_get_nb_received_data
 .text.udi_cdc_multi_is_rx_ready
                0x0000083a        0xe src/ASF/common/services/usb/class/cdc/device/udi_cdc.o
                0x0000083a                udi_cdc_multi_is_rx_ready
 .text.udi_cdc_rx_start
                0x00000848       0xa2 src/ASF/common/services/usb/class/cdc/device/udi_cdc.o
 .text.udi_cdc_data_enable
                0x000008ea       0x64 src/ASF/common/services/usb/class/cdc/device/udi_cdc.o
                0x000008ea                udi_cdc_data_enable
 .text.udi_cdc_data_received
                0x0000094e       0x60 src/ASF/common/services/usb/class/cdc/device/udi_cdc.o
 .text.udi_cdc_multi_getc
                0x000009ae       0xa8 src/ASF/common/services/usb/class/cdc/device/udi_cdc.o
                0x000009ae                udi_cdc_multi_getc
 .text.udi_cdc_getc
                0x00000a56        0x6 src/ASF/common/services/usb/class/cdc/device/udi_cdc.o
                0x00000a56                udi_cdc_getc
 .text.udi_cdc_multi_get_free_tx_buffer
                0x00000a5c       0x60 src/ASF/common/services/usb/class/cdc/device/udi_cdc.o
                0x00000a5c                udi_cdc_multi_get_free_tx_buffer
 .text.udi_cdc_multi_is_tx_ready
                0x00000abc        0xe src/ASF/common/services/usb/class/cdc/device/udi_cdc.o
                0x00000abc                udi_cdc_multi_is_tx_ready
 .text.udi_cdc_multi_putc
                0x00000aca       0x9e src/ASF/common/services/usb/class/cdc/device/udi_cdc.o
                0x00000aca                udi_cdc_multi_putc
 .text.udi_cdc_putc
                0x00000b68        0x8 src/ASF/common/services/usb/class/cdc/device/udi_cdc.o
                0x00000b68                udi_cdc_putc
 .text.udc_next_desc_in_iface
                0x00000b70       0x64 src/ASF/common/services/usb/udc/udc.o
 .text.udc_valid_address
                0x00000bd4        0xa src/ASF/common/services/usb/udc/udc.o
 .text.udc_update_iface_desc
                0x00000bde       0x74 src/ASF/common/services/usb/udc/udc.o
 .text.udc_iface_disable
                0x00000c52       0x84 src/ASF/common/services/usb/udc/udc.o
 .text.udc_iface_enable
                0x00000cd6       0x64 src/ASF/common/services/usb/udc/udc.o
 .text.udc_start
                0x00000d3a        0x4 src/ASF/common/services/usb/udc/udc.o
                0x00000d3a                udc_start
 .text.udc_reset
                0x00000d3e       0x4e src/ASF/common/services/usb/udc/udc.o
                0x00000d3e                udc_reset
 .text.udc_sof_notify
                0x00000d8c       0x60 src/ASF/common/services/usb/udc/udc.o
                0x00000d8c                udc_sof_notify
 .text.udc_process_setup
                0x00000dec      0x504 src/ASF/common/services/usb/udc/udc.o
                0x00000dec                udc_process_setup
 .text.udd_sleep_mode
                0x000012f0       0x70 src/ASF/xmega/drivers/usb/usb_device.o
 .text.udd_ctrl_init
                0x00001360       0x4a src/ASF/xmega/drivers/usb/usb_device.o
 .text.udd_ctrl_stall_data
                0x000013aa       0x1c src/ASF/xmega/drivers/usb/usb_device.o
 .text.udd_ctrl_send_zlp_in
                0x000013c6       0x1c src/ASF/xmega/drivers/usb/usb_device.o
 .text.udd_ctrl_endofrequest
                0x000013e2       0x10 src/ASF/xmega/drivers/usb/usb_device.o
 .text.udd_ctrl_in_sent
                0x000013f2       0xd8 src/ASF/xmega/drivers/usb/usb_device.o
 .text.udd_ep_get_size
                0x000014ca       0x50 src/ASF/xmega/drivers/usb/usb_device.o
 .text.udd_ep_get_job
                0x0000151a       0x36 src/ASF/xmega/drivers/usb/usb_device.o
 .text.udd_ctrl_interrupt_tc_setup
                0x00001550       0xe2 src/ASF/xmega/drivers/usb/usb_device.o
 .text.udd_ep_trans_complet
                0x00001632      0x2fa src/ASF/xmega/drivers/usb/usb_device.o
 .text.udd_attach
                0x0000192c       0x5a src/ASF/xmega/drivers/usb/usb_device.o
                0x0000192c                udd_attach
 .text.udd_enable
                0x00001986      0x104 src/ASF/xmega/drivers/usb/usb_device.o
                0x00001986                udd_enable
 .text.udd_is_high_speed
                0x00001a8a        0x4 src/ASF/xmega/drivers/usb/usb_device.o
                0x00001a8a                udd_is_high_speed
 .text.udd_set_address
                0x00001a8e        0x6 src/ASF/xmega/drivers/usb/usb_device.o
                0x00001a8e                udd_set_address
 .text.udd_getaddress
                0x00001a94        0x6 src/ASF/xmega/drivers/usb/usb_device.o
                0x00001a94                udd_getaddress
 .text.udd_get_frame_number
                0x00001a9a        0xa src/ASF/xmega/drivers/usb/usb_device.o
                0x00001a9a                udd_get_frame_number
 .text.udd_get_micro_frame_number
                0x00001aa4        0x6 src/ASF/xmega/drivers/usb/usb_device.o
                0x00001aa4                udd_get_micro_frame_number
 .text.udd_set_setup_payload
                0x00001aaa        0xe src/ASF/xmega/drivers/usb/usb_device.o
                0x00001aaa                udd_set_setup_payload
 .text.udd_ep_alloc
                0x00001ab8      0x110 src/ASF/xmega/drivers/usb/usb_device.o
                0x00001ab8                udd_ep_alloc
 .text.udd_ep_is_halted
                0x00001bc8       0x36 src/ASF/xmega/drivers/usb/usb_device.o
                0x00001bc8                udd_ep_is_halted
 .text.udd_ep_clear_halt
                0x00001bfe       0x6e src/ASF/xmega/drivers/usb/usb_device.o
                0x00001bfe                udd_ep_clear_halt
 .text.udd_ep_run
                0x00001c6c      0x18e src/ASF/xmega/drivers/usb/usb_device.o
                0x00001c6c                udd_ep_run
 .text.udd_ep_abort
                0x00001dfa       0x92 src/ASF/xmega/drivers/usb/usb_device.o
                0x00001dfa                udd_ep_abort
 .text.udd_ep_free
                0x00001e8c       0x38 src/ASF/xmega/drivers/usb/usb_device.o
                0x00001e8c                udd_ep_free
 .text.udd_ep_set_halt
                0x00001ec4       0x3a src/ASF/xmega/drivers/usb/usb_device.o
                0x00001ec4                udd_ep_set_halt
 .text.__vector_125
                0x00001efe      0x186 src/ASF/xmega/drivers/usb/usb_device.o
                0x00001efe                __vector_125
 .text.__vector_126
                0x00002084      0x210 src/ASF/xmega/drivers/usb/usb_device.o
                0x00002084                __vector_126
 .text.sysclk_init
                0x00002294       0x7e src/ASF/common/services/clock/xmega/sysclk.o
                0x00002294                sysclk_init
 .text.sysclk_enable_module
                0x00002312       0x2c src/ASF/common/services/clock/xmega/sysclk.o
                0x00002312                sysclk_enable_module
 .text.sysclk_enable_usb
                0x0000233e       0x8a src/ASF/common/services/clock/xmega/sysclk.o
                0x0000233e                sysclk_enable_usb
 .text.nvm_read_byte
                0x000023c8       0x14 src/ASF/xmega/drivers/nvm/nvm_asm.o
                0x000023c8                nvm_read_byte
 .text.ccp_write_io
                0x000023dc        0xc src/ASF/xmega/drivers/cpu/ccp.o
                0x000023dc                ccp_write_io
 .text.libgcc.div
                0x000023e8       0x28 c:/program files (x86)/atmel/studio/7.0/toolchain/avr8/avr8-gnu-toolchain/bin/../lib/gcc/avr/4.9.2/avrxmega7\libgcc.a(_udivmodhi4.o)
                0x000023e8                __udivmodhi4
 .text.libgcc   0x00002410       0x12 c:/program files (x86)/atmel/studio/7.0/toolchain/avr8/avr8-gnu-toolchain/bin/../lib/gcc/avr/4.9.2/avrxmega7\libgcc.a(_tablejump2.o)
                0x00002410                __tablejump2__
 .text.avr-libc
                0x00002422       0x12 c:/program files (x86)/atmel/studio/7.0/toolchain/avr8/avr8-gnu-toolchain/bin/../lib/gcc/avr/4.9.2/../../../../avr/lib/avrxmega7\libc.a(memcpy.o)
                0x00002422                memcpy
 .text.avr-libc
                0x00002434       0x26 c:/program files (x86)/atmel/studio/7.0/toolchain/avr8/avr8-gnu-toolchain/bin/../lib/gcc/avr/4.9.2/../../../../avr/lib/avrxmega7\libc.a(printf.o)
                0x00002434                printf
 .text.avr-libc
                0x0000245a        0xa c:/program files (x86)/atmel/studio/7.0/toolchain/avr8/avr8-gnu-toolchain/bin/../lib/gcc/avr/4.9.2/../../../../avr/lib/avrxmega7\libc.a(putchar.o)
                0x0000245a                putchar
 .text.avr-libc
                0x00002464       0x60 c:/program files (x86)/atmel/studio/7.0/toolchain/avr8/avr8-gnu-toolchain/bin/../lib/gcc/avr/4.9.2/../../../../avr/lib/avrxmega7\libc.a(puts.o)
                0x00002464                puts
 .text.avr-libc
                0x000024c4      0x3d0 c:/program files (x86)/atmel/studio/7.0/toolchain/avr8/avr8-gnu-toolchain/bin/../lib/gcc/avr/4.9.2/../../../../avr/lib/avrxmega7\libc.a(vfprintf_std.o)
                0x000024c4                vfprintf
 .text.avr-libc
                0x00002894       0x16 c:/program files (x86)/atmel/studio/7.0/toolchain/avr8/avr8-gnu-toolchain/bin/../lib/gcc/avr/4.9.2/../../../../avr/lib/avrxmega7\libc.a(strnlen_P.o)
                0x00002894                strnlen_P
 .text.avr-libc
                0x000028aa       0x16 c:/program files (x86)/atmel/studio/7.0/toolchain/avr8/avr8-gnu-toolchain/bin/../lib/gcc/avr/4.9.2/../../../../avr/lib/avrxmega7\libc.a(strnlen.o)
                0x000028aa                strnlen
 .text.avr-libc
                0x000028c0       0x70 c:/program files (x86)/atmel/studio/7.0/toolchain/avr8/avr8-gnu-toolchain/bin/../lib/gcc/avr/4.9.2/../../../../avr/lib/avrxmega7\libc.a(fputc.o)
                0x000028c0                fputc
 .text.avr-libc
                0x00002930       0xbc c:/program files (x86)/atmel/studio/7.0/toolchain/avr8/avr8-gnu-toolchain/bin/../lib/gcc/avr/4.9.2/../../../../avr/lib/avrxmega7\libc.a(ultoa_invert.o)
                0x00002930                __ultoa_invert
                0x000029ec                . = ALIGN (0x2)
 *(.fini9)
 .fini9         0x000029ec        0x0 c:/program files (x86)/atmel/studio/7.0/toolchain/avr8/avr8-gnu-toolchain/bin/../lib/gcc/avr/4.9.2/avrxmega7\libgcc.a(_exit.o)
                0x000029ec                _exit
                0x000029ec                exit
 *(.fini9)
 *(.fini8)
 *(.fini8)
 *(.fini7)
 *(.fini7)
 *(.fini6)
 *(.fini6)
 *(.fini5)
 *(.fini5)
 *(.fini4)
 *(.fini4)
 *(.fini3)
 *(.fini3)
 *(.fini2)
 *(.fini2)
 *(.fini1)
 *(.fini1)
 *(.fini0)
 .fini0         0x000029ec        0x4 c:/program files (x86)/atmel/studio/7.0/toolchain/avr8/avr8-gnu-toolchain/bin/../lib/gcc/avr/4.9.2/avrxmega7\libgcc.a(_exit.o)
 *(.fini0)
                0x000029f0                _etext = .

.data           0x00802000      0x196 load address 0x000029f0
                0x00802000                PROVIDE (__data_start, .)
 *(.data)
 *(.data*)
 .data.mystdout
                0x00802000        0xe main.o
                0x00802000                mystdout
 .data.udi_api_cdc_data
                0x0080200e        0xa src/ASF/common/services/usb/class/cdc/device/udi_cdc.o
                0x0080200e                udi_api_cdc_data
 .data.udi_api_cdc_comm
                0x00802018        0xa src/ASF/common/services/usb/class/cdc/device/udi_cdc.o
                0x00802018                udi_api_cdc_comm
 .data.udc_string_desc
                0x00802022       0x26 src/ASF/common/services/usb/udc/udc.o
 .data.udc_string_product_name
                0x00802048       0x13 src/ASF/common/services/usb/udc/udc.o
 .data.udc_string_manufacturer_name
                0x0080205b       0x13 src/ASF/common/services/usb/udc/udc.o
 .data.udc_string_desc_languageid
                0x0080206e        0x4 src/ASF/common/services/usb/udc/udc.o
 .data.udc_config
                0x00802072        0x6 src/ASF/common/services/usb/class/cdc/device/udi_cdc_desc.o
                0x00802072                udc_config
 .data.udc_config_fs
                0x00802078        0x4 src/ASF/common/services/usb/class/cdc/device/udi_cdc_desc.o
                0x00802078                udc_config_fs
 .data.udi_apis
                0x0080207c        0x4 src/ASF/common/services/usb/class/cdc/device/udi_cdc_desc.o
                0x0080207c                udi_apis
 .data.udc_desc_fs
                0x00802080       0x44 src/ASF/common/services/usb/class/cdc/device/udi_cdc_desc.o
                0x00802080                udc_desc_fs
 .data.udc_device_desc
                0x008020c4       0x12 src/ASF/common/services/usb/class/cdc/device/udi_cdc_desc.o
                0x008020c4                udc_device_desc
 *(.rodata)
 *(.rodata*)
 .rodata.str1.1
                0x008020d6       0xb7 main.o
                                 0xca (size before relaxing)
 .rodata.str1.1
                0x0080218d        0x8 src/ASF/common/services/usb/udc/udc.o
 *(.gnu.linkonce.d*)
                0x00802196                . = ALIGN (0x2)
 *fill*         0x00802195        0x1 
                0x00802196                _edata = .
                0x00802196                PROVIDE (__data_end, .)

.bss            0x00802196      0x27f
                0x00802196                PROVIDE (__bss_start, .)
 *(.bss)
 *(.bss*)
 .bss._runTest  0x00802196        0x1 main.o
                0x00802196                _runTest
 .bss.sof_zlp_counter.4973
                0x00802197        0x2 src/ASF/common/services/usb/class/cdc/device/udi_cdc.o
 .bss.udi_cdc_tx_both_buf_to_send
                0x00802199        0x1 src/ASF/common/services/usb/class/cdc/device/udi_cdc.o
 .bss.udi_cdc_tx_trans_ongoing
                0x0080219a        0x1 src/ASF/common/services/usb/class/cdc/device/udi_cdc.o
 .bss.udi_cdc_tx_sof_num
                0x0080219b        0x2 src/ASF/common/services/usb/class/cdc/device/udi_cdc.o
 .bss.udi_cdc_tx_buf_sel
                0x0080219d        0x1 src/ASF/common/services/usb/class/cdc/device/udi_cdc.o
 .bss.udi_cdc_tx_buf_nb
                0x0080219e        0x4 src/ASF/common/services/usb/class/cdc/device/udi_cdc.o
 .bss.udi_cdc_tx_buf
                0x008021a2       0x80 src/ASF/common/services/usb/class/cdc/device/udi_cdc.o
 .bss.udi_cdc_rx_trans_ongoing
                0x00802222        0x1 src/ASF/common/services/usb/class/cdc/device/udi_cdc.o
 .bss.udi_cdc_rx_pos
                0x00802223        0x2 src/ASF/common/services/usb/class/cdc/device/udi_cdc.o
 .bss.udi_cdc_rx_buf_sel
                0x00802225        0x1 src/ASF/common/services/usb/class/cdc/device/udi_cdc.o
 .bss.udi_cdc_rx_buf_nb
                0x00802226        0x4 src/ASF/common/services/usb/class/cdc/device/udi_cdc.o
 .bss.udi_cdc_rx_buf
                0x0080222a       0x80 src/ASF/common/services/usb/class/cdc/device/udi_cdc.o
 .bss.udi_cdc_data_running
                0x008022aa        0x1 src/ASF/common/services/usb/class/cdc/device/udi_cdc.o
 .bss.udi_cdc_nb_data_enabled
                0x008022ab        0x1 src/ASF/common/services/usb/class/cdc/device/udi_cdc.o
 .bss.udi_cdc_nb_comm_enabled
                0x008022ac        0x1 src/ASF/common/services/usb/class/cdc/device/udi_cdc.o
 *fill*         0x008022ad        0x1 
 .bss.uid_cdc_state_msg
                0x008022ae        0xa src/ASF/common/services/usb/class/cdc/device/udi_cdc.o
 .bss.udi_cdc_state
                0x008022b8        0x2 src/ASF/common/services/usb/class/cdc/device/udi_cdc.o
 .bss.udi_cdc_line_coding
                0x008022ba        0x8 src/ASF/common/services/usb/class/cdc/device/udi_cdc.o
 .bss.udc_ep_status.4671
                0x008022c2        0x2 src/ASF/common/services/usb/udc/udc.o
 .bss.udc_ptr_iface
                0x008022c4        0x2 src/ASF/common/services/usb/udc/udc.o
 .bss.udc_ptr_conf
                0x008022c6        0x2 src/ASF/common/services/usb/udc/udc.o
 .bss.udc_num_configuration
                0x008022c8        0x2 src/ASF/common/services/usb/udc/udc.o
 .bss.udc_iface_setting
                0x008022ca        0x2 src/ASF/common/services/usb/udc/udc.o
 .bss.udc_device_status
                0x008022cc        0x2 src/ASF/common/services/usb/udc/udc.o
 .bss.b_shortpacket.5383
                0x008022ce        0x1 src/ASF/xmega/drivers/usb/usb_device.o
 .bss.udd_ep_out_cache_buffer
                0x008022cf       0x80 src/ASF/xmega/drivers/usb/usb_device.o
 .bss.udd_ep_job
                0x0080234f       0x24 src/ASF/xmega/drivers/usb/usb_device.o
 .bss.udd_ctrl_buffer
                0x00802373       0x40 src/ASF/xmega/drivers/usb/usb_device.o
 .bss.udd_ctrl_payload_nb_trans
                0x008023b3        0x2 src/ASF/xmega/drivers/usb/usb_device.o
 .bss.udd_ctrl_prev_payload_nb_trans
                0x008023b5        0x2 src/ASF/xmega/drivers/usb/usb_device.o
 .bss.udd_ep_control_state
                0x008023b7        0x1 src/ASF/xmega/drivers/usb/usb_device.o
 .bss.udd_sram  0x008023b8       0x40 src/ASF/xmega/drivers/usb/usb_device.o
 .bss.udd_b_idle
                0x008023f8        0x1 src/ASF/xmega/drivers/usb/usb_device.o
 *(COMMON)
 COMMON         0x008023f9       0x10 src/ASF/xmega/drivers/usb/usb_device.o
                0x008023f9                udd_g_ctrlreq
 COMMON         0x00802409        0x6 src/ASF/common/services/sleepmgr/xmega/sleepmgr.o
                0x00802409                sleepmgr_locks
 COMMON         0x0080240f        0x6 c:/program files (x86)/atmel/studio/7.0/toolchain/avr8/avr8-gnu-toolchain/bin/../lib/gcc/avr/4.9.2/../../../../avr/lib/avrxmega7\libc.a(iob.o)
                0x0080240f                __iob
                0x00802415                PROVIDE (__bss_end, .)
                0x000029f0                __data_load_start = LOADADDR (.data)
                0x00002b86                __data_load_end = (__data_load_start + SIZEOF (.data))

.noinit         0x00802415        0x0
                [!provide]                PROVIDE (__noinit_start, .)
 *(.noinit*)
                [!provide]                PROVIDE (__noinit_end, .)
                0x00802415                _end = .
                [!provide]                PROVIDE (__heap_start, .)

.eeprom         0x00810000        0x0
 *(.eeprom*)
                0x00810000                __eeprom_end = .

.fuse
 *(.fuse)
 *(.lfuse)
 *(.hfuse)
 *(.efuse)

.lock
 *(.lock*)

.signature
 *(.signature*)

.user_signatures
 *(.user_signatures*)

.stab
 *(.stab)

.stabstr
 *(.stabstr)

.stab.excl
 *(.stab.excl)

.stab.exclstr
 *(.stab.exclstr)

.stab.index
 *(.stab.index)

.stab.indexstr
 *(.stab.indexstr)

.comment        0x00000000       0x5c
 *(.comment)
 .comment       0x00000000       0x30 main.o
                                 0x31 (size before relaxing)
 .comment       0x00000030       0x31 src/ASF/common/services/usb/class/cdc/device/udi_cdc.o
 .comment       0x00000030       0x31 src/ASF/common/services/usb/udc/udc.o
 .comment       0x00000030       0x31 src/ASF/xmega/drivers/usb/usb_device.o
 .comment       0x00000030       0x31 src/ASF/common/services/usb/class/cdc/device/udi_cdc_desc.o
 .comment       0x00000030       0x31 src/ASF/common/services/sleepmgr/xmega/sleepmgr.o
 .comment       0x00000030       0x31 src/ASF/common/services/clock/xmega/sysclk.o
 .comment       0x00000030       0x31 c:/program files (x86)/atmel/studio/7.0/toolchain/avr8/avr8-gnu-toolchain/bin/../lib/gcc/avr/4.9.2/../../../../avr/lib/avrxmega7\libc.a(iob.o)
 .comment       0x00000030       0x31 c:/program files (x86)/atmel/studio/7.0/toolchain/avr8/avr8-gnu-toolchain/bin/../lib/gcc/avr/4.9.2/../../../../avr/lib/avrxmega7\libc.a(printf.o)
 .comment       0x00000030       0x31 c:/program files (x86)/atmel/studio/7.0/toolchain/avr8/avr8-gnu-toolchain/bin/../lib/gcc/avr/4.9.2/../../../../avr/lib/avrxmega7\libc.a(putchar.o)
 .comment       0x00000030       0x31 c:/program files (x86)/atmel/studio/7.0/toolchain/avr8/avr8-gnu-toolchain/bin/../lib/gcc/avr/4.9.2/../../../../avr/lib/avrxmega7\libc.a(puts.o)
 .comment       0x00000030       0x2c c:/program files (x86)/atmel/studio/7.0/toolchain/avr8/avr8-gnu-toolchain/bin/../lib/gcc/avr/4.9.2/../../../../avr/lib/avrxmega7\libc.a(vfprintf_std.o)
                                 0x2d (size before relaxing)
 .comment       0x0000005c       0x31 c:/program files (x86)/atmel/studio/7.0/toolchain/avr8/avr8-gnu-toolchain/bin/../lib/gcc/avr/4.9.2/../../../../avr/lib/avrxmega7\libc.a(fputc.o)

.note.gnu.avr.deviceinfo
                0x00000000       0x40
 .note.gnu.avr.deviceinfo
                0x00000000       0x40 C:/Program Files (x86)/Atmel/Studio/7.0/Packs/atmel/XMEGAA_DFP/1.1.63/gcc/dev/atxmega128a4u/avrxmega7/crtatxmega128a4u.o

.note.gnu.build-id
 *(.note.gnu.build-id)

.debug
 *(.debug)

.line
 *(.line)

.debug_srcinfo
 *(.debug_srcinfo)

.debug_sfnames
 *(.debug_sfnames)

.debug_aranges  0x00000000      0x460
 *(.debug_aranges)
 .debug_aranges
                0x00000000       0xa8 main.o
 .debug_aranges
                0x000000a8      0x170 src/ASF/common/services/usb/class/cdc/device/udi_cdc.o
 .debug_aranges
                0x00000218       0x70 src/ASF/common/services/usb/udc/udc.o
 .debug_aranges
                0x00000288      0x120 src/ASF/xmega/drivers/usb/usb_device.o
 .debug_aranges
                0x000003a8       0x18 src/ASF/common/services/usb/class/cdc/device/udi_cdc_desc.o
 .debug_aranges
                0x000003c0       0x18 src/ASF/common/services/sleepmgr/xmega/sleepmgr.o
 .debug_aranges
                0x000003d8       0x40 src/ASF/common/services/clock/xmega/sysclk.o
 .debug_aranges
                0x00000418       0x28 src/ASF/xmega/drivers/nvm/nvm_asm.o
 .debug_aranges
                0x00000440       0x20 src/ASF/xmega/drivers/cpu/ccp.o

.debug_pubnames
 *(.debug_pubnames)

.debug_info     0x00000000     0x95a9
 *(.debug_info .gnu.linkonce.wi.*)
 .debug_info    0x00000000     0x284f C:/Program Files (x86)/Atmel/Studio/7.0/Packs/atmel/XMEGAA_DFP/1.1.63/gcc/dev/atxmega128a4u/avrxmega7/crtatxmega128a4u.o
 .debug_info    0x0000284f      0xd59 main.o
 .debug_info    0x000035a8     0x1a0b src/ASF/common/services/usb/class/cdc/device/udi_cdc.o
 .debug_info    0x00004fb3     0x114c src/ASF/common/services/usb/udc/udc.o
 .debug_info    0x000060ff     0x1df1 src/ASF/xmega/drivers/usb/usb_device.o
 .debug_info    0x00007ef0      0x7bd src/ASF/common/services/usb/class/cdc/device/udi_cdc_desc.o
 .debug_info    0x000086ad      0x121 src/ASF/common/services/sleepmgr/xmega/sleepmgr.o
 .debug_info    0x000087ce      0xc8f src/ASF/common/services/clock/xmega/sysclk.o
 .debug_info    0x0000945d       0xa6 src/ASF/xmega/drivers/nvm/nvm_asm.o
 .debug_info    0x00009503       0xa6 src/ASF/xmega/drivers/cpu/ccp.o

.debug_abbrev   0x00000000     0x3bc5
 *(.debug_abbrev)
 .debug_abbrev  0x00000000     0x262c C:/Program Files (x86)/Atmel/Studio/7.0/Packs/atmel/XMEGAA_DFP/1.1.63/gcc/dev/atxmega128a4u/avrxmega7/crtatxmega128a4u.o
 .debug_abbrev  0x0000262c      0x3b5 main.o
 .debug_abbrev  0x000029e1      0x3fa src/ASF/common/services/usb/class/cdc/device/udi_cdc.o
 .debug_abbrev  0x00002ddb      0x3c0 src/ASF/common/services/usb/udc/udc.o
 .debug_abbrev  0x0000319b      0x5c3 src/ASF/xmega/drivers/usb/usb_device.o
 .debug_abbrev  0x0000375e       0xfe src/ASF/common/services/usb/class/cdc/device/udi_cdc_desc.o
 .debug_abbrev  0x0000385c       0x80 src/ASF/common/services/sleepmgr/xmega/sleepmgr.o
 .debug_abbrev  0x000038dc      0x2c3 src/ASF/common/services/clock/xmega/sysclk.o
 .debug_abbrev  0x00003b9f       0x12 src/ASF/xmega/drivers/nvm/nvm_asm.o
 .debug_abbrev  0x00003bb1       0x14 src/ASF/xmega/drivers/cpu/ccp.o

.debug_line     0x00000000     0x4f87
 *(.debug_line .debug_line.* .debug_line_end)
 .debug_line    0x00000000      0x3b5 C:/Program Files (x86)/Atmel/Studio/7.0/Packs/atmel/XMEGAA_DFP/1.1.63/gcc/dev/atxmega128a4u/avrxmega7/crtatxmega128a4u.o
 .debug_line    0x000003b5      0xba5 main.o
 .debug_line    0x00000f5a      0xf76 src/ASF/common/services/usb/class/cdc/device/udi_cdc.o
 .debug_line    0x00001ed0      0xa12 src/ASF/common/services/usb/udc/udc.o
 .debug_line    0x000028e2     0x14f0 src/ASF/xmega/drivers/usb/usb_device.o
 .debug_line    0x00003dd2      0x4c7 src/ASF/common/services/usb/class/cdc/device/udi_cdc_desc.o
 .debug_line    0x00004299      0x456 src/ASF/common/services/sleepmgr/xmega/sleepmgr.o
 .debug_line    0x000046ef      0x70b src/ASF/common/services/clock/xmega/sysclk.o
 .debug_line    0x00004dfa      0x11f src/ASF/xmega/drivers/nvm/nvm_asm.o
 .debug_line    0x00004f19       0x6e src/ASF/xmega/drivers/cpu/ccp.o

.debug_frame    0x00000000      0xc50
 *(.debug_frame)
 .debug_frame   0x00000000      0x240 main.o
 .debug_frame   0x00000240      0x430 src/ASF/common/services/usb/class/cdc/device/udi_cdc.o
 .debug_frame   0x00000670      0x114 src/ASF/common/services/usb/udc/udc.o
 .debug_frame   0x00000784      0x428 src/ASF/xmega/drivers/usb/usb_device.o
 .debug_frame   0x00000bac       0xa4 src/ASF/common/services/clock/xmega/sysclk.o

.debug_str      0x00000000    0x32eea
 *(.debug_str)
 .debug_str     0x00000000     0x1aa8 C:/Program Files (x86)/Atmel/Studio/7.0/Packs/atmel/XMEGAA_DFP/1.1.63/gcc/dev/atxmega128a4u/avrxmega7/crtatxmega128a4u.o
 .debug_str     0x00001aa8    0x2b7c6 main.o
                              0x2bea6 (size before relaxing)
 .debug_str     0x0002d26e      0xf62 src/ASF/common/services/usb/class/cdc/device/udi_cdc.o
                              0x2a8e5 (size before relaxing)
 .debug_str     0x0002e1d0      0xb3a src/ASF/common/services/usb/udc/udc.o
                              0x29067 (size before relaxing)
 .debug_str     0x0002ed0a     0x3be7 src/ASF/xmega/drivers/usb/usb_device.o
                              0x2db73 (size before relaxing)
 .debug_str     0x000328f1      0x231 src/ASF/common/services/usb/class/cdc/device/udi_cdc_desc.o
                              0x29ed6 (size before relaxing)
 .debug_str     0x00032b22       0x35 src/ASF/common/services/sleepmgr/xmega/sleepmgr.o
                              0x260a0 (size before relaxing)
 .debug_str     0x00032b57      0x393 src/ASF/common/services/clock/xmega/sysclk.o
                              0x27a34 (size before relaxing)

.debug_loc      0x00000000     0x337a
 *(.debug_loc)
 .debug_loc     0x00000000      0x695 main.o
 .debug_loc     0x00000695     0x124c src/ASF/common/services/usb/class/cdc/device/udi_cdc.o
 .debug_loc     0x000018e1      0x4eb src/ASF/common/services/usb/udc/udc.o
 .debug_loc     0x00001dcc     0x1289 src/ASF/xmega/drivers/usb/usb_device.o
 .debug_loc     0x00003055      0x325 src/ASF/common/services/clock/xmega/sysclk.o

.debug_macinfo
 *(.debug_macinfo)

.debug_weaknames
 *(.debug_weaknames)

.debug_funcnames
 *(.debug_funcnames)

.debug_typenames
 *(.debug_typenames)

.debug_varnames
 *(.debug_varnames)

.debug_pubtypes
 *(.debug_pubtypes)

.debug_ranges   0x00000000      0x438
 *(.debug_ranges)
 .debug_ranges  0x00000000       0x98 main.o
 .debug_ranges  0x00000098      0x160 src/ASF/common/services/usb/class/cdc/device/udi_cdc.o
 .debug_ranges  0x000001f8       0xb0 src/ASF/common/services/usb/udc/udc.o
 .debug_ranges  0x000002a8      0x140 src/ASF/xmega/drivers/usb/usb_device.o
 .debug_ranges  0x000003e8       0x30 src/ASF/common/services/clock/xmega/sysclk.o
 .debug_ranges  0x00000418       0x20 src/ASF/xmega/drivers/nvm/nvm_asm.o

.debug_macro    0x00000000     0xa913
 *(.debug_macro)
 .debug_macro   0x00000000      0x36c main.o
 .debug_macro   0x0000036c      0xa90 main.o
 .debug_macro   0x00000dfc       0x10 main.o
 .debug_macro   0x00000e0c      0x1c9 main.o
 .debug_macro   0x00000fd5      0x2fc main.o
 .debug_macro   0x000012d1       0x9e main.o
 .debug_macro   0x0000136f     0x5964 main.o
 .debug_macro   0x00006cd3       0x9a main.o
 .debug_macro   0x00006d6d       0xf1 main.o
 .debug_macro   0x00006e5e       0x34 main.o
 .debug_macro   0x00006e92       0x10 main.o
 .debug_macro   0x00006ea2       0x18 main.o
 .debug_macro   0x00006eba       0x5e main.o
 .debug_macro   0x00006f18       0x10 main.o
 .debug_macro   0x00006f28       0x22 main.o
 .debug_macro   0x00006f4a      0x166 main.o
 .debug_macro   0x000070b0       0x1c main.o
 .debug_macro   0x000070cc       0x35 main.o
 .debug_macro   0x00007101       0x66 main.o
 .debug_macro   0x00007167      0x652 main.o
 .debug_macro   0x000077b9       0x97 main.o
 .debug_macro   0x00007850       0x17 main.o
 .debug_macro   0x00007867      0x250 main.o
 .debug_macro   0x00007ab7       0x76 main.o
 .debug_macro   0x00007b2d       0x16 main.o
 .debug_macro   0x00007b43      0x6e3 main.o
 .debug_macro   0x00008226       0x10 main.o
 .debug_macro   0x00008236      0x175 main.o
 .debug_macro   0x000083ab       0x40 main.o
 .debug_macro   0x000083eb       0x69 main.o
 .debug_macro   0x00008454       0x32 main.o
 .debug_macro   0x00008486       0xe4 main.o
 .debug_macro   0x0000856a       0x34 main.o
 .debug_macro   0x0000859e      0x2bf main.o
 .debug_macro   0x0000885d       0x26 main.o
 .debug_macro   0x00008883       0x42 main.o
 .debug_macro   0x000088c5       0x10 main.o
 .debug_macro   0x000088d5       0x40 main.o
 .debug_macro   0x00008915       0x68 main.o
 .debug_macro   0x0000897d       0x2f main.o
 .debug_macro   0x000089ac      0x154 main.o
 .debug_macro   0x00008b00      0x228 main.o
 .debug_macro   0x00008d28       0xb5 main.o
 .debug_macro   0x00008ddd       0xf0 main.o
 .debug_macro   0x00008ecd      0x24b main.o
 .debug_macro   0x00009118      0x162 main.o
 .debug_macro   0x0000927a       0x16 main.o
 .debug_macro   0x00009290       0x1c main.o
 .debug_macro   0x000092ac      0x192 main.o
 .debug_macro   0x0000943e       0x58 main.o
 .debug_macro   0x00009496       0x10 main.o
 .debug_macro   0x000094a6       0xf2 main.o
 .debug_macro   0x00009598      0x160 main.o
 .debug_macro   0x000096f8      0x299 src/ASF/common/services/usb/class/cdc/device/udi_cdc.o
 .debug_macro   0x00009991       0xaf src/ASF/common/services/usb/class/cdc/device/udi_cdc.o
 .debug_macro   0x00009a40       0x16 src/ASF/common/services/usb/class/cdc/device/udi_cdc.o
 .debug_macro   0x00009a56      0x1f6 src/ASF/common/services/usb/udc/udc.o
 .debug_macro   0x00009c4c      0x2ca src/ASF/xmega/drivers/usb/usb_device.o
 .debug_macro   0x00009f16      0x46a src/ASF/xmega/drivers/usb/usb_device.o
 .debug_macro   0x0000a380      0x20a src/ASF/common/services/usb/class/cdc/device/udi_cdc_desc.o
 .debug_macro   0x0000a58a      0x1a3 src/ASF/common/services/sleepmgr/xmega/sleepmgr.o
 .debug_macro   0x0000a72d      0x1e6 src/ASF/common/services/clock/xmega/sysclk.o
OUTPUT(USB_Flash_Programmer_xmega.elf elf32-avr)
LOAD linker stubs

.BOOT           0x00020000        0x0
